[DOC] Black Ships Before Troy: The Story of the Iliad - Achievethecore.org,https://achievethecore.org/file/2686
[DOC] Contextualize the The Golden Age of Athens (Age of Pericles),https://www.frontiercsd.org/cms/lib/NY19000265/Centricity/Domain/167/What%2520led%2520to%2520the%2520golden%2520age%2520of%2520athens.docx
[DOC] SITE Program â€“ Development Certification and Signature Form,https://www.goldenleaf.org/wp-content/uploads/2021/09/SITE-Dev_CertSigForm.docx
[DOC] Excel's Golden Rule,https://people.highline.edu/mgirvin/AllClasses/348/Content/Chapter07/Excel'sGoldenRule.docx
[DOC] Golden Cross,https://www.ctcumc.org/files/fileshare/Golden_Cross_Bulletin_Insert_2012.docx
[DOC] GOLDEN CURRANT - USDA,https://plantsorig.sc.egov.usda.gov/plantguide/doc/cs_riauv.docx
[DOC] Golden Acorn Recomendation - Shorecrest PTSA,https://www.shorecrestptsa.org/wp-content/uploads/2020/02/GoldenAcorn2020-fillable-form.docx
[DOC] California: Golden Legacy Public Notice (DOCX) - CMS,https://www.cms.gov/files/document/california-golden-legacy-public-notice.docx
[DOC] Golden Valley,https://www.hennepin.us/-/media/hennepinus/residents/transportation/bottineau/golden-valley-zoning-proposal.docx%3Fla%3Den%26hash%3D0763730DD73E4AA4A3FD2BED01665CE15C7A5AE3
[DOC] 2019 Golden Herald Awards Application Form.docx,https://www.manateememorial.com/sites/manateememorial.com/files/atoms/files/2019%2520Golden%2520Herald%2520Awards%2520Application%2520Form.docx
[DOC] City of Golden - Colorado Municipal League,https://www.cml.org/docs/default-source/uploadedfiles/resources/sales_tax_model_ordinance/golden-ordinance---sales-tax-code-2020.docx
[DOC] Parent/Student Information Guide - Snelson-Golden Middle School,https://www.snelsongoldenms.org/pdf/Student%2520Information%2520Packet%2520Eagle%2520Packet%252016-17.docx
"[DOC] James Golden, Ph.D., MSW - Social Work - Buffalo State College",https://socialwork.buffalostate.edu/sites/socialwork.buffalostate.edu/files/uploads/Documents/Golden%2520CV%2520-%25202019.docx
[DOC] Activity 8.6.2 Golden Triangles - CT.gov,https://portal.ct.gov/-/media/SDE/CT-Core-Standards/2016/08/Activity_8_6_2.docx%3Fla%3Den
[DOC] Word - Golden Retriever Foundation,https://goldenretrieverfoundation.org/GRF/doc/Donate11-1-2020.docx
[DOC] How to Record Volunteer Hours in Golden Service.docx,https://www.sgrhoneregion.com/resources/Documents/How%2520to%2520Record%2520Volunteer%2520Hours%2520in%2520%2520Golden%2520Service.docx
"[DOC] NOW, THEREFORE, THE CITY OF LAFAYETTE, COLORADO ...",https://www.guidinggolden.com/3260/widgets/9878/documents/4370
[DOC] January 15 Hunger Free Golden Community Conversation Feedback,https://www.guidinggolden.com/1594/documents/7960
[DOC] Examples of the Golden Rule - Understanding Humanism,https://understandinghumanism.org.uk/wp-content/uploads/2016/04/Golden-Rule-Humanist-Perspective.docx
[DOC] https://www.ci.claremont.ca.us/home/showpublishedd...,https://www.ci.claremont.ca.us/home/showpublisheddocument/7399/636172456548370000
