Golden Knights Complete Sweep of Purple Eagles - ECAC Hockey,https://www.ecachockey.com/women/video/2011-12/20111112_Clarkson_Niagara-desktop.flv
Golden Knights Net Win at Syracuse - ECAC Hockey,https://ecachockey.com/women/video/2011-12/20111510_Clarkson_Syracuse-desktop.flv
Lauren Smith talks about her 'golden goal' against Lee University,https://www.emoryathletics.com/sports/wsoc/video/2010/SmithPostLee.flv
Farmers Battered by Thailand Floods Find Golden Upside,https://www.southeastasiapost.com/news/251078767/oct04v40.flv
Tennessee Tech Golden Eagles,https://tennesseetech.prestosports.com/2010-11_VIDEO/Men-s_and_Women-s_Cross_Country/Men-s_and_Women-s_Cross_Country_at_the_TTU_Invitational.flv
Spotlight: Billy Cove - St. Bonaventure,https://bonnies.prestosports.com/video/m-tennis/092110_Billy_Cove_Feature.flv
Ursinus College Athletics,https://ursinusathletics.com/video/Harrycropped.flv
"Katrina rocks curls, brings a riot of colours on mag cover",https://www.manufacturingmirror.com/news/258476314/feb24v21.flv
| justACRO.com,https://justacro.com/news/150318/icare-clip09.flv%3Fpage%3D35
ملف:President of Turkmenistan lifts golden weights bar before his ...,https://www.marefa.org/%25D9%2585%25D9%2584%25D9%2581:President_of_Turkmenistan_lifts_golden_weights_bar_before_his_applauding_Cabinet.flv
