nautobot-plugin-golden-config/.pydocstyle.ini at develop - GitHub,https://github.com/nautobot/nautobot-plugin-golden-config/blob/develop/.pydocstyle.ini
Golden-Speaker-Builder/speech_uwsgi.ini at master Â· shaojinding ...,https://github.com/shaojinding/Golden-Speaker-Builder/blob/master/speech_uwsgi.ini
Fog Over San Francisco Golden Gate Bridge - Frederic Larson,https://fredericlarson.photoshelter.com/image/I0000S.RhCBO.InI
progress.ini - User Interface - Golden Code Redmine,https://proj.goldencode.com/attachments/2558/progress.ini
dist.ini - metacpan.org,https://metacpan.org/release/LEONT/Module-Build-Tiny-0.039/source/dist.ini
dist.ini - metacpan.org,https://metacpan.org/release/DAGOLDEN/Dist-Zilla-Plugin-CheckMetaResources-0.001/source/dist.ini
Business | Food Business News,https://www.foodbusinessnews.net/articles/topic/108c:%255Cboot.ini%3Fpage%3D431
Business | Food Business News,https://www.foodbusinessnews.net/articles/topic/108c:%255Cboot.ini%3Fpage%3D12
L.N. Institute of Teachers Education for Android - APK Download,https://apkpure.com/l-n-institute-of-teachers-education/com.eshiksa.ini
