Md Atikur Rahman | Facebook,https://ne-np.facebook.com/Atikur.Jar%3Fcomment_id%3DY29tbWVudDoxMzc5NzkyMDg1NTMxNDE3XzEzODAxNjYzNTg4MjczMjM%253D
Download lethal mission 240x320.jar - Blog - Ilman.yn.lt,http://ilman.yn.lt/Blog/__xtblog_entry/9951287-download-lethal-mission-240x320.jar%3F__xtblog_block_id%3D2%26__xtblog_blog_page%3D1
