UIX-R/morrowind.manifest at master - GitHub,https://github.com/OpenMW/UIX-R/blob/master/Manifests/morrowind.manifest
Manifest pour Android - Téléchargez l'APK - APK Pure,https://apkpure.com/fr/manifest/com.blackbean.manifest
