bearodactyl's Profile - Team Fortress TV,https://www.teamfortress.tv/user/bearodactyl/www.youtube.com/watch/mumble.info/snapshot/mumble-1.3.0~982~gef72e3e~snapshot.msi
「netsvwrap.msi」に関連した英語例文の一覧と使い方 - Weblio英語 ...,https://ejje.weblio.jp/sentence/content/netsvwrap.msi
ChomikBox.msi - Captain Cook 3 - kpt. KUK - enrico-40 - Chomikuj.pl,"http://chomikuj.pl/enrico-40/muzyka%2B(og*c3*b3*c5*82em)/kpt.%2BKUK/Captain%2BCook%2B3/ChomikBox,996429277.msi"
calibre 0.8.40.msi - Starsze wersje - Calibre - oogway - Chomikuj.pl,"http://chomikuj.pl/oogway/Kindle/Programy/Calibre/Starsze%2Bwersje/calibre-0.8.40,1441936046.msi"
