Golden Freddy/Audio | Five Nights at Freddy's Wiki - Fandom,http://freddy-fazbears-pizza.wikia.com/wiki/File:Laugh_Giggle_Girl_1.ogg
File:en-us-golden.ogg - Wiktionary,https://en.m.wiktionary.org/wiki/File:en-us-golden.ogg
File:en-us-golden.ogg - Simple English Wiktionary,https://simple.wiktionary.org/wiki/File:en-us-golden.ogg
File:The Golden Jubilee Quartet - Oh Jonah.ogg - Wikipedia,https://en.wikipedia.org/wiki/File:The_Golden_Jubilee_Quartet_-_Oh_Jonah.ogg
File:Golden-headed Cisticola94.ogv - Wikipedia,https://en.wikipedia.org/wiki/File:Golden-headed_Cisticola94.ogg
File:En-Golden Dragon massacre-article.ogg - Wikimedia Commons,https://commons.wikimedia.org/wiki/File:En-Golden_Dragon_massacre-article.ogg
File:Pluvialis apricaria - European Golden Plover XC132878.ogg,https://commons.wikimedia.org/wiki/File:Pluvialis_apricaria_-_European_Golden_Plover_XC132878.ogg
"File:Golden key macdonald pe.ogg - Wikisource, the free online library",https://en.m.wikisource.org/wiki/File:Golden_key_macdonald_pe.ogg
Lewis | Familypedia - Fandom,https://familypedia.wikia.org/wiki/File:Eilean_an_Fhraoich.ogg
