[PDF] GOLDEN ALEXANDERS Plant Fact Sheet,https://www.nrcs.usda.gov/Internet/FSE_PLANTMATERIALS/publications/mdpmcfs7726.pdf
"[PDF] pdf_288.pdf - City of Golden, Colorado",https://www.cityofgolden.net/media/pdf_288.pdf
[PDF] Roofing And Re-Roof Covering Requirements,https://www.cityofgolden.net/media/GeneralRoofingInfo.pdf
[PDF] Norms put the 'Golden Rule' into practice for groups,https://wvde.state.wv.us/ctn/Informational%2520Documents/Developing%2520Norms%2520(NSDC).pdf
[PDF] CSAC Golden State Teacher Grant Brochure,https://www.csac.ca.gov/sites/main/files/file-attachments/gstg_brochure.pdf%3F1649433949
[PDF] GOLDEN STATE WARRIORS GAME NOTES - NBA.com,https://www.nba.com/gamenotes/warriors.pdf
[PDF] GOLDEN DESIGN RULES - The Consumer Goods Forum,https://www.theconsumergoodsforum.com/wp-content/uploads/2021/07/2021-Plastics-All-Golden-Design-Rules-One-Pager.pdf
[PDF] Golden paintbrush (Castilleja levisecta) - Oregon.gov,https://www.oregon.gov/oda/shared/Documents/Publications/PlantConservation/CastillejaLevisectaProfile.pdf
[PDF] WAIVER OF TUITION FOR SENIOR CITIZENS OF THE STATE OF ...,https://wwwcp.umes.edu/admissions/wp-content/uploads/sites/44/2021/07/Golden-ID-Form-2016.pdf
[PDF] Golden Willow,https://www.ag.ndsu.edu/trees/handbook/th-3-139.pdf
[PDF] Golden-cheeked Warbler - Dendroica chrysoparia,https://tpwd.texas.gov/publications/pwdpubs/media/pwd_bk_w7000_0013_golden_cheeked_warbler.pdf
[PDF] Management Guidelines for the Golden-cheeked Warbler in Rural ...,https://tpwd.texas.gov/publications/pwdpubs/media/pwd_bk_w7000_0013_golden_cheeked_warbler_mgmt.pdf
[PDF] VERMONT GOLDEN DOME BOOK AWARD,https://libraries.vermont.gov/sites/libraries/files/GoldenDomeChecklist21-22.pdf
[PDF] GOldEN-wiNGEd WARblER HAbitAt - PA Game Commission,https://www.pgc.pa.gov/Wildlife/HabitatManagement/Documents/Golden%2520Winged%2520Warbler%2520Best%2520Management%2520Practices.pdf
[PDF] Golden Lake - Wisconsin DNR,http://dnr.wi.gov/lakes/maps/DNR/0775900a.pdf
[PDF] golden eagle 58-59 - Maine.gov,https://www.maine.gov/ifw/docs/endangered/goldeneagle_58_59.pdf
[PDF] Golden Anniversary and Remer State Forests Map and Guide - files,http://files.dnr.state.mn.us/maps/state_forests/sft00022.pdf
Temporal stability of adaptive 3D radial MRI using multidimensional ...,https://onlinelibrary.wiley.com/doi/pdfdirect/10.1002/mrm.21837
[PDF] New Jersey Medical School Golden Apple Guidelines,https://njms.rutgers.edu/education/student_affairs/student_life/documents/NJMS-Golden-Apple-Guidelines.pdf
[PDF] The Golden Rules of a Zone Change Request - City of Wichita,https://www.wichita.gov/Planning/PlanningDocument/The%2520Golden%2520Rules%2520of%2520a%2520Zone%2520Change%2520Request.pdf
