gaming-lamp/4-create-golden-image.ps1 at master - GitHub,https://github.com/Azure-Samples/gaming-lamp/blob/master/powershell/4-create-golden-image.ps1
TGT---Golden-Silver-Ticket/HuntGoldenTicket.ps1 at master - GitHub,https://github.com/spohara79/TGT---Golden-Silver-Ticket/blob/master/HuntGoldenTicket.ps1
internal/functions/copy-filetolcsblob.ps1 0.6.69 - PowerShell Gallery,https://www.powershellgallery.com/packages/d365fo.tools/0.6.69/Content/internal%255Cfunctions%255Ccopy-filetolcsblob.ps1
src/classes/Constant.ps1 0.0.38 - PowerShell Gallery,https://psg-prod-centralus.cloudapp.net/packages/pwsh-prelude/0.0.38/Content/src%255Cclasses%255CConstant.ps1
powerview.ps1 - kashz-jewels - GitBook,https://kashz.gitbook.io/kashz-jewels/active-directory/powerview.ps1
https://raw.githubusercontent.com/Everink/AzureIma...,https://raw.githubusercontent.com/Everink/AzureImageBuilder/master/Scripts/AzureImageBuilder.ps1
correlr/libpsxsave - testdata/dbase.ps1 at master - libpsxsave - Gitea ...,https://git.phoenixinquis.net/correlr/libpsxsave/src/branch/master/testdata/dbase.ps1
New-KrbtgtKeys.ps1 Alternatives and Reviews (Mar 2021) - LibHunt,https://www.libhunt.com/r/New-KrbtgtKeys.ps1
https://git.stefan.works/whx/pentest_tools/raw/com...,https://git.stefan.works/whx/pentest_tools/raw/commit/edb74c88ef225321098092d50abdf1cb7f77fdb6/active_directory/powerview.ps1
