"[XLS] All HOAs - City of Golden, Colorado",https://www.cityofgolden.net/media/HOAListGolden.xlsx
"[XLS] Fees Worksheet - City of Golden, Colorado",https://www.cityofgolden.net/media/SelfAuditWorksheet.xlsx
[XLS] golden valley city by industry - Minnesota Department of Revenue,https://www.revenue.state.mn.us/sites/default/files/2021-04/GOLDEN%2520VALLEY%2520CITY%2520BY%2520INDUSTRY%25202019.xlsx
[XLS] Sheet1 - Golden LEAF Foundation,https://www.goldenleaf.org/golden-leaf-august-2020-awards/
[XLS] Golden Rule Insurance Company 2018 Dental MLR Report,http://www.insurance.ca.gov/01-consumers/110-health/60-resources/upload/Golden-Rule-Insurance-Company-2018-Dental-MLR-Report.xlsx
[XLS] GHRegistration,https://wvde.us/wp-content/uploads/2020/12/Registration-Form.xlsx
[XLS] Sheet1 - PLOS,https://journals.plos.org/plosbiology/article/file%3Ftype%3Dsupplementary%26id%3D10.1371/journal.pbio.3001136.s022
[XLS] Sheet1 - Golden Lake,http://golden-lake.org/wp-content/uploads/2021/04/Copy-of-2021-Treatment-Riparian-Owners-Golden-Lake.xlsx
[XLS] Sheet1 - Washington State Department of Commerce,https://www.commerce.wa.gov/hau-2016-golden-report-2-21-2018/
[XLS] qry_GRAD_Awarded_All_Homet...,https://www.lander.edu/academics/_files/documents/registrars-office/Spring_2022_Final_list.xlsx
[XLS] qry_GRAD_Awarded_All_Homet...,https://www.lander.edu/academics/_files/documents/registrars-office/Fall_2021_Final_List.xlsx
[XLS] Field definitions & values - CA.gov,https://nrm.dfg.ca.gov/FileHandler.ashx%3FDocumentID%3D108214
[XLS] Sheet1 - Jeffco Permit Search,https://permitsearch.jeffco.us/amandaItoI/PublicDocs/Rezoning/21-109202RZ%2520Avilla%252054th%2520%2B%2520McIntyre/2.%2520Community%2520Notification/Application%2520Submittal/Postcard%2520List.xlsx
[XLS] cultivar master list - Chicago Botanic Garden,https://www.chicagobotanic.org/sites/default/files/pdf/forsythia_cultivars.xlsx
[XLS] Rep. to Congress District 2 - Maine.gov,https://www.maine.gov/sos/cec/elec/results/2018/UOCAVA2CVRRepCD2.xlsx
[XLS] golden-eagle-nest-disturbance-rea.xlsx - US Fish and Wildlife Service,https://www.fws.gov/sites/default/files/documents/golden-eagle-nest-disturbance-rea.xlsx
[XLS] Investigation Report - Oregon.gov,https://www.oregon.gov/odot/Engineering/DocSPIS_OFFstate/CR1_Investigation_Report_Crook_2020.xlsx
[XLS] MS4 Permit TMDL Application - Minnesota Pollution Control Agency,https://www.pca.state.mn.us/sites/default/files/Golden%2520Valley%2520city%2520of_TMDLapp%2520-%252007-27-2021.xlsx
[XLS] 2021 Refresh 9,https://www.3ds.com/fileadmin/Support/Documents/DELMIAWorks/2021_Refresh_9-_Release_Notes.xlsx
[XLS] Page 3 - PA Fish and Boat Commission,https://www.fishandboat.com/Fish/Stocking/StateFishHatcheries/CooperativeNurseryProgram/Documents/ann_rpt_pg_3.xlsx
[XLS] Upcoming Classes 7-5-22,https://www.deq.ok.gov/wp-content/uploads/water-division/OpCert-Classes-7-5-22.xlsx
[XLS] Item Price List - Golden Organics â€“,http://www.goldenorganics.org/wp-content/uploads/2018/01/Golden-Organics-Product-List3.xlsx
[XLS] 2020-21 PUESD Confirmed COVID-19 Case Update - AWS,https://core-docs.s3.amazonaws.com/documents/asset/uploaded_file/1097422/2_Covid_Dashboard.xlsx
[XLS] Sheet1,https://www.land.nd.gov/sites/www/files/documents/Surface/Roads/Golden%2520Valley%2520RandB.xlsx
[XLS] Sheet1 - Asian Beer Network,https://www.asianbeernetwork.com/wp-content/uploads/2020/04/Malt-Substitution-Chart-for-Swaen-Weyermanns-Dingemanns-and-Gladfields-Malt.xlsx
[XLS] Golden Books - UCLA-LoPucki Bankruptcy Research Database,https://lopucki.law.ucla.edu/Professional_Fees/Fee%2520applications%2520and%2520orders/Golden%2520Books/Golden%2520Books%25202002.xlsx
[XLS] Alba Golden Schedule - Texas High School Baseball,https://txhighschoolbaseball.com/wp-content/uploads/2012/12/18_alba-golden.xlsx
[XLS] MOHCD Zip Code,https://sfmohcd.org/sites/default/files/FileCenter/Documents/9037-MOHCD%2520Zip%2520Code%2520-%2520Neighborhood%2520Table.xlsx
[XLS] DWQ-2021-000544.xlsx - Utah DEQ Document Repository,https://documents.deq.utah.gov/water-quality/stormwater/DWQ-2021-000544.xlsx
[XLS] Golden-Hello-local-authority-reimbursement-claim-form - GOV.UK,https://assets.publishing.service.gov.uk/government/uploads/system/uploads/attachment_data/file/706870/Golden-Hello-local-authority-reimbursement-claim-form.xlsx
[XLS] Sheet1,https://www.cpradr.org/dispute-resolution-services/consumer-case-information/_res/id%3DAttachments/index%3D1/CPR%2520Demographic%2520Data%2520for%2520Employment%2520Neutrals_7-1-21_v4.pdf
[XLS] Sheet1 - Natick Report,https://www.natickreport.com/wp-content/uploads/2021/04/Natick-2021-dog-names-breeds.xlsx
[XLS] Sheet1 - Fairfax County,https://www.fairfaxcounty.gov/procurement/sites/procurement/files/assets/documents/2000002837%2520Bid%2520Tab.xlsx
[XLS] 2020 Data Tables - Golden Star Resources,http://www.gsr.com/files/csr_reports/2021/05/2020-Data-Tables.xlsx
[XLS] Staff Directory_120115 - Travis Unified School District,http://www.travisusd.org/cms/lib09/CA01902810/Centricity/Domain/27/Staff%2520Directory_120115.xlsx
[XLS] Sheet1 - City of Newburyport,https://www.cityofnewburyport.com/mayors-office/files/roadwork-schedule-41522
[XLS] Sheet1,http://sunrisechildren.org/wp-content/uploads/2020/04/COVID-19-Food-Bank-Sites.xlsx
[XLS] Registration LIst,https://www.goldengate.org/assets/1/6/Registration_and_Attendee_List_Public_Participation_Meeting_April_26_2022.xlsx
[XLS] Standard Templates for Corporate Action Event Information from ...,https://www.ebf.eu/wp-content/uploads/2020/07/3a_Market-Standards-for-Golden-Operational-Record_Corporate-Action-events-1.xlsx
[XLS] Product Spec Sheet of Golden Age Wine - Archello,https://archello.com/project/golden-age-wine/specifications/download
[XLS] Sheet1 - Life Science Alliance,https://www.life-science-alliance.org/content/lsa/4/3/e202000792/DC11/embed/inline-supplementary-material-11.xlsx%3Fdownload%3Dtrue
[XLS] Sheet1 - Colorado Lottery,https://static.coloradolottery.com/media/filer_public/c5/b1/c5b1a25f-e1e1-4d9a-99d8-b311d7db174c/fy21_interactive_flowchart_41321.xlsx
"[XLS] U.S. Fuel Ethanol Plant Production Capacity as of January 1, 2021",https://www.eia.gov/petroleum/ethanolcapacity/ethanolcapacity.xlsx
[XLS] 2019-20 renewal,https://proteam-foodserviceadvisors.squarespace.com/s/WiSNP-Tyson-Chicken-1-2019-20-renewal.xlsx
[XLS] Sheet1 - Guiding Golden,https://www.guidinggolden.com/3074/widgets/9838/documents/5631
[XLS] WH-SOC-20220711-07-08,https://whc.unesco.org/en/soc/%3Fid_threats%3D102%26mode%3Dxls%26action%3Dlist%26id_search_state%3D135%26
[XLS] Sheet1,https://dec.alaska.gov/media/19939/bueci-pfas-since-april.xlsx
[XLS] DMC Colour Chart Spreadsheet - Needle Woman,https://www.needlewoman.co.za/wp-content/uploads/DMC-Thread-Inventory-Sheet-Needle-Woman.xlsx
[XLS] GOLDEN Debt-Elimination Program Illustration Design Calculator,https://thefortunelawfirm.com/s/Golden-Calculator.xlsx
[XLS] Sheet1 - NAAC,https://assessmentonline.naac.gov.in/public/Postacc/Funds_or_Grants/2298_Funds_or_Grants_1630407708.xlsx
