12 CFR Part 359 -- Golden Parachute and Indemnification Payments,https://www.govinfo.gov/content/pkg/CFR-2018-title12-vol5/xml/CFR-2018-title12-vol5-part359.xml
790 Harry J. Gensler The Golden Rule (gr) presents us with a ... - Brill,https://brill.com/previewpdf/journals/jmp/12/6/article-p790_7.xml
Chapter 6 4Q502: Marriage or Golden Age Ritual? in - Brill,https://brill.com/abstract/book/edcoll/9789004505087/BP000016.xml
Under the Golden Dome - Iowa Public Radio,https://www.iowapublicradio.org/podcast/under-the-golden-dome/rss.xml
PROGESTERONE AND PSEUDOPREGNANCY IN THE GOLDEN ...,https://rep.bioscientifica.com/view/journals/rep/11/3/jrf_11_3_021.xml
St. Joseph's College Long Island Golden Eagles,https://www.sjcgoldeneagles.com/sports/bsb/2021-22/boxscores/20220430_95bf.xml
"Fullerton at Golden West - March 12, 2022 - 12:00 PM - Box Score",https://www.gwcathletics.com/sports/bsb/2021-22/boxscores/20220312_7oqn.xml
"Golden West at West LA - March 3, 2022 - 2:00 PM - Box Score",https://www.gwcathletics.com/sports/bsb/2021-22/boxscores/20220303_sgmj.xml
"Golden West at Santiago Canyon - April 6, 2022 - 3:00 PM - Box Score",https://www.scchawks.com/sports/sball/2021-22/boxscores/20220406_ptbo.xml
